PG260 SQL seed=26201 route=/vul/sqli/sqli_blind_b.php
[PG255-EPHEMERAL-AI-WIRE] GET http://127.0.0.1:12000/vul/sqli/sqli_blind_b.php?name=pg212-ai-26201-ec6078c9%2527&submit=submit
[PG255-EPHEMERAL-REFERENCE-WIRE] GET http://127.0.0.1:12000/vul/sqli/sqli_blind_b.php?name=pg212-reference-26201-ec6078c9%27&submit=submit
{
  "protocol_id": "pg-pk-255-pikachu-fixed-sql-pg254-replay-v1",
  "status": "completed_pg254_gated_pikachu_sql_get_post_replay",
  "counts": {
    "fresh_container_count": 1,
    "episode_count": 1,
    "get_episode_count": 1,
    "post_episode_count": 0,
    "ai_candidate_send_count": 1,
    "reference_send_count": 1,
    "typed_effect_confirmed_count": 0,
    "confirmed_positive_count": 0,
    "database_health_gate_count": 1,
    "false_positive_count": 0,
    "abstain_count": 0,
    "ephemeral_wire_count": 2
  },
  "report": "research\\pg262_child_runs\\sql_26201_0_report.json",
  "protocol": "research\\pg262_child_runs\\sql_26201_0_protocol.json"
}
PG260 SQL seed=26202 route=/vul/sqli/sqli_blind_t.php
[PG255-EPHEMERAL-AI-WIRE] GET http://127.0.0.1:12001/vul/sqli/sqli_blind_t.php?name=pg212-ai-26202-77d06f25%2527&submit=submit
[PG255-EPHEMERAL-REFERENCE-WIRE] GET http://127.0.0.1:12001/vul/sqli/sqli_blind_t.php?name=pg212-reference-26202-77d06f25%27&submit=submit
{
  "protocol_id": "pg-pk-255-pikachu-fixed-sql-pg254-replay-v1",
  "status": "completed_pg254_gated_pikachu_sql_get_post_replay",
  "counts": {
    "fresh_container_count": 1,
    "episode_count": 1,
    "get_episode_count": 1,
    "post_episode_count": 0,
    "ai_candidate_send_count": 1,
    "reference_send_count": 1,
    "typed_effect_confirmed_count": 0,
    "confirmed_positive_count": 0,
    "database_health_gate_count": 1,
    "false_positive_count": 0,
    "abstain_count": 0,
    "ephemeral_wire_count": 2
  },
  "report": "research\\pg262_child_runs\\sql_26202_1_report.json",
  "protocol": "research\\pg262_child_runs\\sql_26202_1_protocol.json"
}
PG260 SQL seed=26203 route=/vul/sqli/sqli_id.php
[PG255-EPHEMERAL-AI-WIRE] POST http://127.0.0.1:12002/vul/sqli/sqli_id.php body=id=1%27&submit=submit
[PG255-EPHEMERAL-REFERENCE-WIRE] POST http://127.0.0.1:12002/vul/sqli/sqli_id.php body=id=1%27&submit=submit
{
  "protocol_id": "pg-pk-255-pikachu-fixed-sql-pg254-replay-v1",
  "status": "completed_pg254_gated_pikachu_sql_get_post_replay",
  "counts": {
    "fresh_container_count": 1,
    "episode_count": 1,
    "get_episode_count": 0,
    "post_episode_count": 1,
    "ai_candidate_send_count": 1,
    "reference_send_count": 1,
    "typed_effect_confirmed_count": 1,
    "confirmed_positive_count": 1,
    "database_health_gate_count": 1,
    "false_positive_count": 0,
    "abstain_count": 0,
    "ephemeral_wire_count": 2
  },
  "report": "research\\pg262_child_runs\\sql_26203_2_report.json",
  "protocol": "research\\pg262_child_runs\\sql_26203_2_protocol.json"
}
PG260 SQL seed=26204 route=/vul/sqli/sqli_search.php
[PG255-EPHEMERAL-AI-WIRE] GET http://127.0.0.1:12003/vul/sqli/sqli_search.php?name=pg212-ai-26204-c6e4dd6a%2527&submit=submit
[PG255-EPHEMERAL-REFERENCE-WIRE] GET http://127.0.0.1:12003/vul/sqli/sqli_search.php?name=pg212-reference-26204-c6e4dd6a%27&submit=submit
{
  "protocol_id": "pg-pk-255-pikachu-fixed-sql-pg254-replay-v1",
  "status": "completed_pg254_gated_pikachu_sql_get_post_replay",
  "counts": {
    "fresh_container_count": 1,
    "episode_count": 1,
    "get_episode_count": 1,
    "post_episode_count": 0,
    "ai_candidate_send_count": 1,
    "reference_send_count": 1,
    "typed_effect_confirmed_count": 1,
    "confirmed_positive_count": 1,
    "database_health_gate_count": 1,
    "false_positive_count": 0,
    "abstain_count": 0,
    "ephemeral_wire_count": 2
  },
  "report": "research\\pg262_child_runs\\sql_26204_3_report.json",
  "protocol": "research\\pg262_child_runs\\sql_26204_3_protocol.json"
}
PG260 SQL seed=26205 route=/vul/sqli/sqli_str.php
[PG255-EPHEMERAL-AI-WIRE] GET http://127.0.0.1:12004/vul/sqli/sqli_str.php?name=pg212-ai-26205-8b8172c8%2527&submit=submit
[PG255-EPHEMERAL-REFERENCE-WIRE] GET http://127.0.0.1:12004/vul/sqli/sqli_str.php?name=pg212-reference-26205-8b8172c8%27&submit=submit
{
  "protocol_id": "pg-pk-255-pikachu-fixed-sql-pg254-replay-v1",
  "status": "completed_pg254_gated_pikachu_sql_get_post_replay",
  "counts": {
    "fresh_container_count": 1,
    "episode_count": 1,
    "get_episode_count": 1,
    "post_episode_count": 0,
    "ai_candidate_send_count": 1,
    "reference_send_count": 1,
    "typed_effect_confirmed_count": 1,
    "confirmed_positive_count": 1,
    "database_health_gate_count": 1,
    "false_positive_count": 0,
    "abstain_count": 0,
    "ephemeral_wire_count": 2
  },
  "report": "research\\pg262_child_runs\\sql_26205_4_report.json",
  "protocol": "research\\pg262_child_runs\\sql_26205_4_protocol.json"
}
PG260 SQL seed=26206 route=/vul/sqli/sqli_x.php
[PG255-EPHEMERAL-AI-WIRE] GET http://127.0.0.1:12005/vul/sqli/sqli_x.php?name=pg212-ai-26206-d489f85d%2527&submit=submit
[PG255-EPHEMERAL-REFERENCE-WIRE] GET http://127.0.0.1:12005/vul/sqli/sqli_x.php?name=pg212-reference-26206-d489f85d%27&submit=submit
{
  "protocol_id": "pg-pk-255-pikachu-fixed-sql-pg254-replay-v1",
  "status": "completed_pg254_gated_pikachu_sql_get_post_replay",
  "counts": {
    "fresh_container_count": 1,
    "episode_count": 1,
    "get_episode_count": 1,
    "post_episode_count": 0,
    "ai_candidate_send_count": 1,
    "reference_send_count": 1,
    "typed_effect_confirmed_count": 1,
    "confirmed_positive_count": 1,
    "database_health_gate_count": 1,
    "false_positive_count": 0,
    "abstain_count": 0,
    "ephemeral_wire_count": 2
  },
  "report": "research\\pg262_child_runs\\sql_26206_5_report.json",
  "protocol": "research\\pg262_child_runs\\sql_26206_5_protocol.json"
}
PG260 SQL seed=26207 route=/vul/sqli/sqli_id.php
[PG255-EPHEMERAL-AI-WIRE] POST http://127.0.0.1:12006/vul/sqli/sqli_id.php body=id=1%27&submit=submit
[PG255-EPHEMERAL-REFERENCE-WIRE] POST http://127.0.0.1:12006/vul/sqli/sqli_id.php body=id=1%27&submit=submit
{
  "protocol_id": "pg-pk-255-pikachu-fixed-sql-pg254-replay-v1",
  "status": "completed_pg254_gated_pikachu_sql_get_post_replay",
  "counts": {
    "fresh_container_count": 1,
    "episode_count": 1,
    "get_episode_count": 0,
    "post_episode_count": 1,
    "ai_candidate_send_count": 1,
    "reference_send_count": 1,
    "typed_effect_confirmed_count": 1,
    "confirmed_positive_count": 1,
    "database_health_gate_count": 1,
    "false_positive_count": 0,
    "abstain_count": 0,
    "ephemeral_wire_count": 2
  },
  "report": "research\\pg262_child_runs\\sql_26207_6_report.json",
  "protocol": "research\\pg262_child_runs\\sql_26207_6_protocol.json"
}
PG260 SQL seed=26208 route=/vul/sqli/sqli_search.php
[PG255-EPHEMERAL-AI-WIRE] GET http://127.0.0.1:12007/vul/sqli/sqli_search.php?name=pg212-ai-26208-c6e4dd6a%2527&submit=submit
[PG255-EPHEMERAL-REFERENCE-WIRE] GET http://127.0.0.1:12007/vul/sqli/sqli_search.php?name=pg212-reference-26208-c6e4dd6a%27&submit=submit
{
  "protocol_id": "pg-pk-255-pikachu-fixed-sql-pg254-replay-v1",
  "status": "completed_pg254_gated_pikachu_sql_get_post_replay",
  "counts": {
    "fresh_container_count": 1,
    "episode_count": 1,
    "get_episode_count": 1,
    "post_episode_count": 0,
    "ai_candidate_send_count": 1,
    "reference_send_count": 1,
    "typed_effect_confirmed_count": 1,
    "confirmed_positive_count": 1,
    "database_health_gate_count": 1,
    "false_positive_count": 0,
    "abstain_count": 0,
    "ephemeral_wire_count": 2
  },
  "report": "research\\pg262_child_runs\\sql_26208_7_report.json",
  "protocol": "research\\pg262_child_runs\\sql_26208_7_protocol.json"
}
PG260 XSS seed=26211 case=xss_reflected_get

PG242 EPISODE seed=26211 case=xss_reflected_get method=GET path=/vul/xss/xss_reflected_get.php
--- WIRE (display-only; not persisted) ---
GET http://127.0.0.1:13000/vul/xss/xss_reflected_get.php?message=pg242-safe-baseline&submit=submit
--- WIRE (display-only; not persisted) ---
GET http://127.0.0.1:13000/vul/xss/xss_reflected_get.php?message=pg242-safe-negative&submit=submit
--- WIRE (display-only; not persisted) ---
GET http://127.0.0.1:13000/vul/xss/xss_reflected_get.php?message=%3Csvg%2Fonload%3D%22document.body.dataset.pg242%3D%27xss-get-ai%27%22%3E&submit=submit
--- WIRE (display-only; not persisted) ---
GET http://127.0.0.1:13000/vul/xss/xss_reflected_get.php?message=%3Cimg+src%3Dx+onerror%3D%22document.body.dataset.pg242%3D%27xss-get-ref%27%22%3E&submit=submit
{"route": "/vul/xss/xss_reflected_get.php", "confirmed_positive": true, "negative_control_confirmed": false, "ai_sent": true, "reference_sent": true, "ai_marker": true, "reference_marker": true, "failure_kind": "typed_effect", "evidence_hash": "fc74816876f1b89a9f7075a1cb316ee132a04927193f37e058b9c35b45caceb0"}
{
  "status": "completed_local_xss_dom_browser_dual_channel",
  "device": "cuda",
  "counts": {
    "fresh_container_count": 1,
    "preflight_count": 0,
    "get_episode_count": 1,
    "post_episode_count": 0,
    "ai_send_count": 1,
    "reference_send_count": 1,
    "confirmed_positive_count": 1,
    "negative_control_confirmed_count": 0,
    "timing_or_stateful_abstain_count": 0,
    "oracle_gap_count": 0,
    "model_missed_positive_count": 0,
    "false_positive_count": 0,
    "external_network_count": 0,
    "external_request_blocked_count": 1,
    "wire_display_count": 4
  },
  "positive_routes": [
    "GET /vul/xss/xss_reflected_get.php"
  ],
  "report": "research\\pg262_child_runs\\xss_26211_0_report.json",
  "dataset": "research\\pg262_child_runs\\xss_26211_0_dataset.json"
}
PG260 XSS seed=26212 case=xss_htmlspecialchars_02

PG242 EPISODE seed=26212 case=xss_htmlspecialchars_02 method=GET path=/vul/xss/xss_02.php
--- WIRE (display-only; not persisted) ---
GET http://127.0.0.1:13001/vul/xss/xss_02.php?message=pg242-safe-baseline&submit=submit
--- WIRE (display-only; not persisted) ---
GET http://127.0.0.1:13001/vul/xss/xss_02.php?message=pg242-safe-negative&submit=submit
--- WIRE (display-only; not persisted) ---
GET http://127.0.0.1:13001/vul/xss/xss_02.php?message=%3Csvg%2Fonload%3D%22document.body.dataset.pg242%3D%27xss-02-ai%27%22%3E&submit=submit
--- WIRE (display-only; not persisted) ---
GET http://127.0.0.1:13001/vul/xss/xss_02.php?message=%3Cimg+src%3Dx+onerror%3D%22document.body.dataset.pg242%3D%27xss-02-ref%27%22%3E&submit=submit
{"route": "/vul/xss/xss_02.php", "confirmed_positive": false, "negative_control_confirmed": true, "ai_sent": true, "reference_sent": true, "ai_marker": false, "reference_marker": false, "failure_kind": "negative_control_clean", "evidence_hash": "1f24b12ec5cc8524703719daba7f585f820c6c0e25a7bfd02bdba22f766f2a98"}
{
  "status": "completed_local_xss_dom_browser_dual_channel",
  "device": "cuda",
  "counts": {
    "fresh_container_count": 1,
    "preflight_count": 0,
    "get_episode_count": 1,
    "post_episode_count": 0,
    "ai_send_count": 1,
    "reference_send_count": 1,
    "confirmed_positive_count": 0,
    "negative_control_confirmed_count": 1,
    "timing_or_stateful_abstain_count": 0,
    "oracle_gap_count": 0,
    "model_missed_positive_count": 0,
    "false_positive_count": 0,
    "external_network_count": 0,
    "external_request_blocked_count": 1,
    "wire_display_count": 4
  },
  "positive_routes": [],
  "report": "research\\pg262_child_runs\\xss_26212_1_report.json",
  "dataset": "research\\pg262_child_runs\\xss_26212_1_dataset.json"
}
PG260 XSS seed=26213 case=xss_href_03

PG242 EPISODE seed=26213 case=xss_href_03 method=GET path=/vul/xss/xss_03.php
--- WIRE (display-only; not persisted) ---
GET http://127.0.0.1:13002/vul/xss/xss_03.php?message=pg242-safe-baseline&submit=submit
--- WIRE (display-only; not persisted) ---
GET http://127.0.0.1:13002/vul/xss/xss_03.php?message=pg242-safe-negative&submit=submit
--- WIRE (display-only; not persisted) ---
GET http://127.0.0.1:13002/vul/xss/xss_03.php?message=javascript%3Adocument.body.dataset.pg242%3D%27xss-03-ai%27&submit=submit
--- WIRE (display-only; not persisted) ---
GET http://127.0.0.1:13002/vul/xss/xss_03.php?message=javascript%3Adocument.body.dataset.pg242%3D%27xss-03-ref%27&submit=submit
{"route": "/vul/xss/xss_03.php", "confirmed_positive": false, "negative_control_confirmed": false, "ai_sent": true, "reference_sent": true, "ai_marker": false, "reference_marker": false, "failure_kind": "oracle_unavailable", "evidence_hash": "0cc97fcc42bee6ae334724f814a21fa3225e82169017953ef5aef188e3c78d01"}
{
  "status": "completed_local_xss_dom_browser_dual_channel",
  "device": "cuda",
  "counts": {
    "fresh_container_count": 1,
    "preflight_count": 0,
    "get_episode_count": 1,
    "post_episode_count": 0,
    "ai_send_count": 1,
    "reference_send_count": 1,
    "confirmed_positive_count": 0,
    "negative_control_confirmed_count": 0,
    "timing_or_stateful_abstain_count": 1,
    "oracle_gap_count": 1,
    "model_missed_positive_count": 0,
    "false_positive_count": 0,
    "external_network_count": 0,
    "external_request_blocked_count": 1,
    "wire_display_count": 4
  },
  "positive_routes": [],
  "report": "research\\pg262_child_runs\\xss_26213_2_report.json",
  "dataset": "research\\pg262_child_runs\\xss_26213_2_dataset.json"
}
PG260 XSS seed=26214 case=xss_js_04

PG242 EPISODE seed=26214 case=xss_js_04 method=GET path=/vul/xss/xss_04.php
--- WIRE (display-only; not persisted) ---
GET http://127.0.0.1:13003/vul/xss/xss_04.php?message=pg242-safe-baseline&submit=submit
--- WIRE (display-only; not persisted) ---
GET http://127.0.0.1:13003/vul/xss/xss_04.php?message=pg242-safe-negative&submit=submit
--- WIRE (display-only; not persisted) ---
GET http://127.0.0.1:13003/vul/xss/xss_04.php?message=%27%3Bdocument.body.dataset.pg242%3D%27xss-04-ai%27%3B%2F%2F&submit=submit
--- WIRE (display-only; not persisted) ---
GET http://127.0.0.1:13003/vul/xss/xss_04.php?message=%27%3Bdocument.body.dataset.pg242%3D%27xss-04-ref%27%3B%2F%2F&submit=submit
{"route": "/vul/xss/xss_04.php", "confirmed_positive": true, "negative_control_confirmed": false, "ai_sent": true, "reference_sent": true, "ai_marker": true, "reference_marker": true, "failure_kind": "typed_effect", "evidence_hash": "63c70a8df14f7bcfd1f2fc5031b32c77f2942154442840a7f99d58f3fb89135b"}
{
  "status": "completed_local_xss_dom_browser_dual_channel",
  "device": "cuda",
  "counts": {
    "fresh_container_count": 1,
    "preflight_count": 0,
    "get_episode_count": 1,
    "post_episode_count": 0,
    "ai_send_count": 1,
    "reference_send_count": 1,
    "confirmed_positive_count": 1,
    "negative_control_confirmed_count": 0,
    "timing_or_stateful_abstain_count": 0,
    "oracle_gap_count": 0,
    "model_missed_positive_count": 0,
    "false_positive_count": 0,
    "external_network_count": 0,
    "external_request_blocked_count": 1,
    "wire_display_count": 4
  },
  "positive_routes": [
    "GET /vul/xss/xss_04.php"
  ],
  "report": "research\\pg262_child_runs\\xss_26214_3_report.json",
  "dataset": "research\\pg262_child_runs\\xss_26214_3_dataset.json"
}
PG260 XSS seed=26215 case=xss_dom_x

PG242 EPISODE seed=26215 case=xss_dom_x method=GET path=/vul/xss/xss_dom_x.php
--- WIRE (display-only; not persisted) ---
GET http://127.0.0.1:13004/vul/xss/xss_dom_x.php?text=pg242-safe-baseline
--- WIRE (display-only; not persisted) ---
GET http://127.0.0.1:13004/vul/xss/xss_dom_x.php?text=pg242-safe-negative
--- WIRE (display-only; not persisted) ---
GET http://127.0.0.1:13004/vul/xss/xss_dom_x.php?text=%27%3E%3Cimg+src%3Dinvalid+onerror%3D%22document.body.dataset.pg242%3D%27xss-dom-x-ai%27%22%3E
--- WIRE (display-only; not persisted) ---
GET http://127.0.0.1:13004/vul/xss/xss_dom_x.php?text=%27%3E%3Cimg+src%3Dinvalid+onerror%3D%22document.body.dataset.pg242%3D%27xss-dom-x-ref%27%22%3E
{"route": "/vul/xss/xss_dom_x.php", "confirmed_positive": true, "negative_control_confirmed": false, "ai_sent": true, "reference_sent": true, "ai_marker": true, "reference_marker": true, "failure_kind": "typed_effect", "evidence_hash": "a642c677edfce9c9e63ed0bdc7f100c1464b2323d93862eda3bff584cb185222"}
{
  "status": "completed_local_xss_dom_browser_dual_channel",
  "device": "cuda",
  "counts": {
    "fresh_container_count": 1,
    "preflight_count": 0,
    "get_episode_count": 1,
    "post_episode_count": 0,
    "ai_send_count": 1,
    "reference_send_count": 1,
    "confirmed_positive_count": 1,
    "negative_control_confirmed_count": 0,
    "timing_or_stateful_abstain_count": 0,
    "oracle_gap_count": 0,
    "model_missed_positive_count": 0,
    "false_positive_count": 0,
    "external_network_count": 0,
    "external_request_blocked_count": 1,
    "wire_display_count": 4
  },
  "positive_routes": [
    "GET /vul/xss/xss_dom_x.php"
  ],
  "report": "research\\pg262_child_runs\\xss_26215_4_report.json",
  "dataset": "research\\pg262_child_runs\\xss_26215_4_dataset.json"
}
PG260 XSS seed=26216 case=xss_reflected_post

PG242 EPISODE seed=26216 case=xss_reflected_post method=POST path=/vul/xss/xsspost/xss_reflected_post.php
--- WIRE (display-only; not persisted) ---
POST http://127.0.0.1:13005/vul/xss/xsspost/xss_reflected_post.php
Content-Type: application/x-www-form-urlencoded

message=pg242-safe-baseline&submit=submit
--- WIRE (display-only; not persisted) ---
POST http://127.0.0.1:13005/vul/xss/xsspost/xss_reflected_post.php
Content-Type: application/x-www-form-urlencoded

message=pg242-safe-negative&submit=submit
--- WIRE (display-only; not persisted) ---
POST http://127.0.0.1:13005/vul/xss/xsspost/xss_reflected_post.php
Content-Type: application/x-www-form-urlencoded

message=%3Csvg%2Fonload%3D%22document.body.dataset.pg242%3D%27xss-post-ai%27%22%3E&submit=submit
--- WIRE (display-only; not persisted) ---
POST http://127.0.0.1:13005/vul/xss/xsspost/xss_reflected_post.php
Content-Type: application/x-www-form-urlencoded

message=%3Cimg+src%3Dx+onerror%3D%22document.body.dataset.pg242%3D%27xss-post-ref%27%22%3E&submit=submit
{"route": "/vul/xss/xsspost/xss_reflected_post.php", "confirmed_positive": true, "negative_control_confirmed": false, "ai_sent": true, "reference_sent": true, "ai_marker": true, "reference_marker": true, "failure_kind": "typed_effect", "evidence_hash": "1212b7bbcbadcd9b0bce8b018e995c2e8d3b8f3c4e976612a01a8437cbe15204"}
{
  "status": "completed_local_xss_dom_browser_dual_channel",
  "device": "cuda",
  "counts": {
    "fresh_container_count": 1,
    "preflight_count": 0,
    "get_episode_count": 0,
    "post_episode_count": 1,
    "ai_send_count": 1,
    "reference_send_count": 1,
    "confirmed_positive_count": 1,
    "negative_control_confirmed_count": 0,
    "timing_or_stateful_abstain_count": 0,
    "oracle_gap_count": 0,
    "model_missed_positive_count": 0,
    "false_positive_count": 0,
    "external_network_count": 0,
    "external_request_blocked_count": 1,
    "wire_display_count": 4
  },
  "positive_routes": [
    "POST /vul/xss/xsspost/xss_reflected_post.php"
  ],
  "report": "research\\pg262_child_runs\\xss_26216_5_report.json",
  "dataset": "research\\pg262_child_runs\\xss_26216_5_dataset.json"
}
PG260 BOOLEAN seed=26221
{
  "protocol_id": "pg-pk-221-pikachu-boolean-blind-oracle-v1",
  "status": "completed_local_boolean_result_oracle",
  "counts": {
    "fresh_container_count": 1,
    "get_episode_count": 1,
    "post_episode_count": 0,
    "ai_candidate_pair_send_count": 2,
    "reference_pair_send_count": 2,
    "negative_send_count": 1,
    "boolean_effect_confirmed_count": 1,
    "confirmed_positive_count": 1,
    "false_positive_count": 0,
    "docker_restart_used_count": 0
  },
  "report": "research\\pg262_child_runs\\boolean_26221_0_report.json",
  "dataset": "research\\pg262_child_runs\\boolean_26221_0_dataset.json"
}
PG260 BOOLEAN seed=26222
{
  "protocol_id": "pg-pk-221-pikachu-boolean-blind-oracle-v1",
  "status": "completed_local_boolean_result_oracle",
  "counts": {
    "fresh_container_count": 1,
    "get_episode_count": 1,
    "post_episode_count": 0,
    "ai_candidate_pair_send_count": 2,
    "reference_pair_send_count": 2,
    "negative_send_count": 1,
    "boolean_effect_confirmed_count": 1,
    "confirmed_positive_count": 1,
    "false_positive_count": 0,
    "docker_restart_used_count": 0
  },
  "report": "research\\pg262_child_runs\\boolean_26222_1_report.json",
  "dataset": "research\\pg262_child_runs\\boolean_26222_1_dataset.json"
}
PG260 BOOLEAN seed=26223
{
  "protocol_id": "pg-pk-221-pikachu-boolean-blind-oracle-v1",
  "status": "completed_local_boolean_result_oracle",
  "counts": {
    "fresh_container_count": 1,
    "get_episode_count": 1,
    "post_episode_count": 0,
    "ai_candidate_pair_send_count": 2,
    "reference_pair_send_count": 2,
    "negative_send_count": 1,
    "boolean_effect_confirmed_count": 1,
    "confirmed_positive_count": 1,
    "false_positive_count": 0,
    "docker_restart_used_count": 0
  },
  "report": "research\\pg262_child_runs\\boolean_26223_2_report.json",
  "dataset": "research\\pg262_child_runs\\boolean_26223_2_dataset.json"
}
PG260 WIDEBYTE seed=26231
[PG256-EPHEMERAL-BASELINE-26231-WIRE] POST http://127.0.0.1:15000/vul/sqli/sqli_widebyte.php body=name=kobe&submit=submit
[PG256-EPHEMERAL-NEGATIVE-26231-WIRE] POST http://127.0.0.1:15000/vul/sqli/sqli_widebyte.php body=name=pg256-negative-26231&submit=submit
[PG256-EPHEMERAL-AI-26231-SYNTAX_BOUNDARY-WIRE] POST http://127.0.0.1:15000/vul/sqli/sqli_widebyte.php body=name=kobe%27&submit=submit
[PG256-EPHEMERAL-REFERENCE-26231-WIRE] POST http://127.0.0.1:15000/vul/sqli/sqli_widebyte.php body=name=kobe%df%27%20OR%201%3D1%23&submit=submit
{
  "protocol_id": "pg-pk-256-pikachu-widebyte-oracle-v1",
  "status": "completed_failure_guided_widebyte_replay",
  "counts": {
    "episode_count": 1,
    "fresh_container_count": 1,
    "database_health_gate_count": 1,
    "ai_send_count": 1,
    "reference_send_count": 1,
    "typed_effect_confirmed_count": 0,
    "confirmed_positive_count": 0,
    "ai_candidate_classes": [
      "syntax_boundary"
    ],
    "false_positive_count": 0,
    "ephemeral_wire_count": 4
  },
  "learner": {
    "schema_version": "sift-payload-learner-v1",
    "candidate_count": 2,
    "attempt_count": 1,
    "observable_success_count": 0,
    "observable_success_rate": 0.0,
    "policy_uses_evaluator": false,
    "families": [
      "sql"
    ]
  },
  "report": "research\\pg262_child_runs\\widebyte_26231_0_report.json"
}
PG260 WIDEBYTE seed=26232
[PG256-EPHEMERAL-BASELINE-26232-WIRE] POST http://127.0.0.1:15001/vul/sqli/sqli_widebyte.php body=name=kobe&submit=submit
[PG256-EPHEMERAL-NEGATIVE-26232-WIRE] POST http://127.0.0.1:15001/vul/sqli/sqli_widebyte.php body=name=pg256-negative-26232&submit=submit
[PG256-EPHEMERAL-AI-26232-SYNTAX_BOUNDARY-WIRE] POST http://127.0.0.1:15001/vul/sqli/sqli_widebyte.php body=name=kobe%27&submit=submit
[PG256-EPHEMERAL-REFERENCE-26232-WIRE] POST http://127.0.0.1:15001/vul/sqli/sqli_widebyte.php body=name=kobe%df%27%20OR%201%3D1%23&submit=submit
{
  "protocol_id": "pg-pk-256-pikachu-widebyte-oracle-v1",
  "status": "completed_failure_guided_widebyte_replay",
  "counts": {
    "episode_count": 1,
    "fresh_container_count": 1,
    "database_health_gate_count": 1,
    "ai_send_count": 1,
    "reference_send_count": 1,
    "typed_effect_confirmed_count": 0,
    "confirmed_positive_count": 0,
    "ai_candidate_classes": [
      "syntax_boundary"
    ],
    "false_positive_count": 0,
    "ephemeral_wire_count": 4
  },
  "learner": {
    "schema_version": "sift-payload-learner-v1",
    "candidate_count": 2,
    "attempt_count": 1,
    "observable_success_count": 0,
    "observable_success_rate": 0.0,
    "policy_uses_evaluator": false,
    "families": [
      "sql"
    ]
  },
  "report": "research\\pg262_child_runs\\widebyte_26232_1_report.json"
}
PG260 WIDEBYTE seed=26233
[PG256-EPHEMERAL-BASELINE-26233-WIRE] POST http://127.0.0.1:15002/vul/sqli/sqli_widebyte.php body=name=kobe&submit=submit
[PG256-EPHEMERAL-NEGATIVE-26233-WIRE] POST http://127.0.0.1:15002/vul/sqli/sqli_widebyte.php body=name=pg256-negative-26233&submit=submit
[PG256-EPHEMERAL-AI-26233-SYNTAX_BOUNDARY-WIRE] POST http://127.0.0.1:15002/vul/sqli/sqli_widebyte.php body=name=kobe%27&submit=submit
[PG256-EPHEMERAL-REFERENCE-26233-WIRE] POST http://127.0.0.1:15002/vul/sqli/sqli_widebyte.php body=name=kobe%df%27%20OR%201%3D1%23&submit=submit
{
  "protocol_id": "pg-pk-256-pikachu-widebyte-oracle-v1",
  "status": "completed_failure_guided_widebyte_replay",
  "counts": {
    "episode_count": 1,
    "fresh_container_count": 1,
    "database_health_gate_count": 1,
    "ai_send_count": 1,
    "reference_send_count": 1,
    "typed_effect_confirmed_count": 0,
    "confirmed_positive_count": 0,
    "ai_candidate_classes": [
      "syntax_boundary"
    ],
    "false_positive_count": 0,
    "ephemeral_wire_count": 4
  },
  "learner": {
    "schema_version": "sift-payload-learner-v1",
    "candidate_count": 2,
    "attempt_count": 1,
    "observable_success_count": 0,
    "observable_success_rate": 0.0,
    "policy_uses_evaluator": false,
    "families": [
      "sql"
    ]
  },
  "report": "research\\pg262_child_runs\\widebyte_26233_2_report.json"
}
{
  "protocol_id": "pg-pk-260-fresh-paired-trace-collection-v1",
  "status": "completed_fresh_route_paired_local_trace_collection",
  "counts": {
    "records": 20,
    "source_counts": {
      "pg260_pikachu_sql_paired": 8,
      "pg260_pikachu_xss_paired": 6,
      "pg260_pikachu_boolean_paired": 3,
      "pg260_pikachu_widebyte_paired": 3
    },
    "lane_counts": {
      "silver": 3,
      "gold": 13,
      "hard_negative": 4
    },
    "gold_count": 13,
    "hard_negative_count": 4,
    "silver_count": 3,
    "quarantine_count": 0,
    "seed_sets": {
      "sql": [
        26201,
        26202,
        26203,
        26204,
        26205,
        26206,
        26207,
        26208
      ],
      "xss": [
        26211,
        26212,
        26213,
        26214,
        26215,
        26216
      ],
      "boolean": [
        26221,
        26222,
        26223
      ],
      "widebyte": [
        26231,
        26232,
        26233
      ]
    },
    "route_schedule": {
      "sql": [
        "/vul/sqli/sqli_blind_b.php",
        "/vul/sqli/sqli_blind_t.php",
        "/vul/sqli/sqli_id.php",
        "/vul/sqli/sqli_search.php",
        "/vul/sqli/sqli_str.php",
        "/vul/sqli/sqli_x.php",
        "/vul/sqli/sqli_id.php",
        "/vul/sqli/sqli_search.php"
      ],
      "xss": [
        "xss_reflected_get",
        "xss_htmlspecialchars_02",
        "xss_href_03",
        "xss_js_04",
        "xss_dom_x",
        "xss_reflected_post"
      ]
    },
    "fresh_seed_count_by_class": {
      "sql": 8,
      "xss": 6,
      "boolean": 3,
      "widebyte": 3
    },
    "ai_send_count": 23,
    "confirmed_positive_count": 13,
    "negative_or_abstain_count": 7
  },
  "report": "research\\pg262_targeted_paired_trace_collection_report_v1.json",
  "dataset": "research\\pg262_targeted_paired_trace_collection_dataset_v1.json"
}
{
  "status": "completed_fresh_route_paired_local_trace_collection",
  "counts": {
    "records": 20,
    "source_counts": {
      "pg260_pikachu_sql_paired": 8,
      "pg260_pikachu_xss_paired": 6,
      "pg260_pikachu_boolean_paired": 3,
      "pg260_pikachu_widebyte_paired": 3
    },
    "lane_counts": {
      "silver": 3,
      "gold": 13,
      "hard_negative": 4
    },
    "gold_count": 13,
    "hard_negative_count": 4,
    "silver_count": 3,
    "quarantine_count": 0,
    "seed_sets": {
      "sql": [
        26201,
        26202,
        26203,
        26204,
        26205,
        26206,
        26207,
        26208
      ],
      "xss": [
        26211,
        26212,
        26213,
        26214,
        26215,
        26216
      ],
      "boolean": [
        26221,
        26222,
        26223
      ],
      "widebyte": [
        26231,
        26232,
        26233
      ]
    },
    "route_schedule": {
      "sql": [
        "/vul/sqli/sqli_blind_b.php",
        "/vul/sqli/sqli_blind_t.php",
        "/vul/sqli/sqli_id.php",
        "/vul/sqli/sqli_search.php",
        "/vul/sqli/sqli_str.php",
        "/vul/sqli/sqli_x.php",
        "/vul/sqli/sqli_id.php",
        "/vul/sqli/sqli_search.php"
      ],
      "xss": [
        "xss_reflected_get",
        "xss_htmlspecialchars_02",
        "xss_href_03",
        "xss_js_04",
        "xss_dom_x",
        "xss_reflected_post"
      ]
    },
    "fresh_seed_count_by_class": {
      "sql": 8,
      "xss": 6,
      "boolean": 3,
      "widebyte": 3
    },
    "ai_send_count": 23,
    "confirmed_positive_count": 13,
    "negative_or_abstain_count": 7
  },
  "report": "research\\pg262_targeted_paired_trace_collection_report_v1.json",
  "dataset": "research\\pg262_targeted_paired_trace_collection_dataset_v1.json",
  "targeted_for": [
    "sql_syntax route/seed confusion",
    "dom/sql family boundary",
    "fresh GET/POST pairing"
  ]
}
